{
    "players": [
        {
            "name": "player1",
            "cannot_play": [
                "2022-09-01"
            ],
            "weight": 1
        },
        {
            "name": "player2",
            "cannot_play": [
                "2022-09-08",
                "2022-09-15"
            ],
            "weight": 1
        },
        {
            "name": "player3",
            "cannot_play": [
                "2022-09-22"
            ],
            "weight": 1
        },
        {
            "name": "player4",
            "cannot_play": [
                "2022-09-29"
            ],
            "weight": 1
        },
        {
            "name": "player5",
            "cannot_play": [],
            "weight": 1
        }
    ],
    "start": "2022-09-01",
    "end": "2023-05-01",
    "number_courts": 2,
    "time_start": "19:00:00",
    "time_end": "21:00:00",
    "excluded_dates": [],
    "overall_cost": 1000,
    "calendar_title": "Tennisabo",
    "schedule": [
        [
            [
                3,
                4
            ],
            [
                1,
                2
            ]
        ],
        [
            [
                3,
                4
            ],
            [
                0,
                2
            ]
        ],
        [
            [
                3,
                4
            ],
            [
                0,
                2
            ]
        ],
        [
            [
                1,
                3
            ],
            [
                0,
                4
            ]
        ],
        [
            [
                0,
                2
            ],
            [
                1,
                4
            ]
        ],
        [
            [
                0,
                1
            ],
            [
                2,
                3
            ]
        ],
        [
            [
                1,
                2
            ],
            [
                0,
                3
            ]
        ],
        [
            [
                2,
                4
            ],
            [
                1,
                3
            ]
        ],
        [
            [
                0,
                4
            ],
            [
                2,
                3
            ]
        ],
        [
            [
                0,
                3
            ],
            [
                1,
                4
            ]
        ],
        [
            [
                0,
                1
            ],
            [
                3,
                4
            ]
        ],
        [
            [
                2,
                3
            ],
            [
                0,
                4
            ]
        ],
        [
            [
                0,
                2
            ],
            [
                1,
                3
            ]
        ],
        [
            [
                2,
                4
            ],
            [
                0,
                3
            ]
        ],
        [
            [
                1,
                2
            ],
            [
                0,
                4
            ]
        ],
        [
            [
                1,
                4
            ],
            [
                2,
                3
            ]
        ],
        [
            [
                0,
                1
            ],
            [
                3,
                4
            ]
        ],
        [
            [
                0,
                2
            ],
            [
                1,
                3
            ]
        ],
        [
            [
                0,
                3
            ],
            [
                1,
                2
            ]
        ],
        [
            [
                2,
                4
            ],
            [
                0,
                1
            ]
        ],
        [
            [
                2,
                3
            ],
            [
                1,
                4
            ]
        ],
        [
            [
                1,
                3
            ],
            [
                0,
                4
            ]
        ],
        [
            [
                0,
                3
            ],
            [
                1,
                2
            ]
        ],
        [
            [
                0,
                1
            ],
            [
                2,
                4
            ]
        ],
        [
            [
                3,
                4
            ],
            [
                0,
                2
            ]
        ],
        [
            [
                0,
                3
            ],
            [
                1,
                4
            ]
        ],
        [
            [
                1,
                2
            ],
            [
                0,
                4
            ]
        ],
        [
            [
                1,
                3
            ],
            [
                2,
                4
            ]
        ],
        [
            [
                2,
                3
            ],
            [
                0,
                1
            ]
        ],
        [
            [
                1,
                4
            ],
            [
                0,
                2
            ]
        ],
        [
            [
                2,
                4
            ],
            [
                0,
                3
            ]
        ],
        [
            [
                1,
                3
            ],
            [
                0,
                4
            ]
        ],
        [
            [
                2,
                4
            ],
            [
                0,
                1
            ]
        ],
        [
            [
                3,
                4
            ],
            [
                1,
                2
            ]
        ],
        [
            [
                2,
                3
            ],
            [
                1,
                4
            ]
        ]
    ]
}